/usr/lib/python3/dist-packages/torch/cuda/__init__.py:61: FutureWarning: The pynvml package is deprecated. Please install nvidia-ml-py instead. If you did not install pynvml directly, please report this to the maintainers of the package that installed pynvml for you.
  import pynvml  # type: ignore[import]
2026-01-24 17:19:49.293569: E external/local_xla/xla/stream_executor/cuda/cuda_fft.cc:467] Unable to register cuFFT factory: Attempting to register factory for plugin cuFFT when one has already been registered
WARNING: All log messages before absl::InitializeLog() is called are written to STDERR
E0000 00:00:1769275189.303062   14690 cuda_dnn.cc:8579] Unable to register cuDNN factory: Attempting to register factory for plugin cuDNN when one has already been registered
E0000 00:00:1769275189.307651   14690 cuda_blas.cc:1407] Unable to register cuBLAS factory: Attempting to register factory for plugin cuBLAS when one has already been registered
W0000 00:00:1769275189.313579   14690 computation_placer.cc:177] computation placer already registered. Please check linkage and avoid linking the same target more than once.
W0000 00:00:1769275189.313608   14690 computation_placer.cc:177] computation placer already registered. Please check linkage and avoid linking the same target more than once.
W0000 00:00:1769275189.313609   14690 computation_placer.cc:177] computation placer already registered. Please check linkage and avoid linking the same target more than once.
W0000 00:00:1769275189.313610   14690 computation_placer.cc:177] computation placer already registered. Please check linkage and avoid linking the same target more than once.
/usr/lib/python3/dist-packages/scipy/__init__.py:146: UserWarning: A NumPy version >=1.17.3 and <1.25.0 is required for this version of SciPy (detected version 1.26.4
  warnings.warn(f"A NumPy version >={np_minversion} and <{np_maxversion}"
/home/ubuntu/.local/lib/python3.10/site-packages/huggingface_hub/file_download.py:942: FutureWarning: `resume_download` is deprecated and will be removed in version 1.0.0. Downloads always resume when possible. If you want to force a new download, use `force_download=True`.
  warnings.warn(
CUDA available: True
CUDA device count: 1
CUDA device name: NVIDIA GH200 480GB
Traceback (most recent call last):
  File "/home/ubuntu/sctt_origional_implimentation/run_sctt_llama2_13b_chat_lora.py", line 98, in <module>
    model = AutoModelForSequenceClassification.from_pretrained(model_name, config=config, token=hftoken)
  File "/home/ubuntu/.local/lib/python3.10/site-packages/transformers/models/auto/auto_factory.py", line 484, in from_pretrained
    return model_class.from_pretrained(
  File "/home/ubuntu/.local/lib/python3.10/site-packages/transformers/modeling_utils.py", line 2675, in from_pretrained
    model = cls(config, *model_args, **model_kwargs)
TypeError: LlamaForSequenceClassification.__init__() got an unexpected keyword argument 'token'
